[0mGET /carts?userId=null&&actove=true [33m404[0m 1.867 ms - 144[0m
[0mGET /carts?userId=null&&actove=true [33m404[0m 0.699 ms - 144[0m
[0mGET /carts?userId=null&&actove=true [33m404[0m 0.652 ms - 144[0m
[0mGET /carts?userId=null&&actove=true [33m404[0m 0.475 ms - 144[0m
[0mGET /products [32m200[0m 141.331 ms - 5665[0m
[0mGET /products [32m200[0m 124.111 ms - 5665[0m
[0mGET /products [32m200[0m 119.955 ms - 5665[0m
[0mGET /products [32m200[0m 122.683 ms - 5665[0m
[0mPOST /carts [32m200[0m 505.052 ms - 1443[0m
[0mGET /carts?userId=null&&actove=true [33m404[0m 0.551 ms - 144[0m
[0mGET /products [32m200[0m 119.838 ms - 5665[0m
[0mGET /products [32m200[0m 120.850 ms - 5665[0m
[0mGET /products [32m200[0m 120.544 ms - 5665[0m
[0mGET /products [32m200[0m 121.132 ms - 5665[0m
[0mGET /products [32m200[0m 121.099 ms - 5665[0m
[0mGET /products [32m200[0m 120.210 ms - 5665[0m
[0mGET /products [32m200[0m 119.539 ms - 5665[0m
[0mGET /products [32m200[0m 120.926 ms - 5665[0m
[0mGET /products [32m200[0m 119.930 ms - 5665[0m
[0mGET /products [32m200[0m 120.729 ms - 5665[0m
[0mGET /products [32m200[0m 146.243 ms - 5665[0m
[0mGET /products [32m200[0m 124.883 ms - 5665[0m
[0mGET /products [32m200[0m 124.519 ms - 5665[0m
[0mGET /products [32m200[0m 122.993 ms - 5665[0m
[0mPOST /carts/add [33m404[0m 1.407 ms - 149[0m
[0mGET /products [32m200[0m 122.858 ms - 5665[0m
[0mGET /products [32m200[0m 123.432 ms - 5665[0m
[0mGET /products [32m200[0m 121.524 ms - 5665[0m
[0mGET /products [32m200[0m 120.812 ms - 5665[0m
[0mGET /products [32m200[0m 120.719 ms - 5665[0m
[0mGET /products [32m200[0m 122.098 ms - 5665[0m
[0mGET /products [32m200[0m 121.993 ms - 5665[0m
[0mGET /products [32m200[0m 120.889 ms - 5665[0m
[0mPOST /carts/add [33m404[0m 0.209 ms - 149[0m
[0mPOST /carts [33m400[0m 5.716 ms - 72[0m
[0mGET /products [32m200[0m 145.445 ms - 5665[0m
[0mGET /products [32m200[0m 149.623 ms - 5665[0m
[0mPOST /users/login [32m200[0m 179.067 ms - 171[0m
[0mGET /carts?userId=68e0faa358e93f461fbce83b&&active=true [33m404[0m 2.002 ms - 144[0m
[0mGET /carts?userId=68e0faa358e93f461fbce83b&&active=true [33m404[0m 0.667 ms - 144[0m
[0mGET /carts?userId=68e0faa358e93f461fbce83b&&active=true [33m404[0m 0.453 ms - 144[0m
[0mGET /carts?userId=68e0faa358e93f461fbce83b&&active=true [33m404[0m 0.370 ms - 144[0m
[0mGET /products [32m200[0m 122.701 ms - 5665[0m
[0mGET /products [32m200[0m 122.443 ms - 5665[0m
[0mPOST /carts [33m400[0m 4.005 ms - 72[0m
[0mGET /carts?userId=68e0faa358e93f461fbce83b&&active=true [33m404[0m 0.515 ms - 144[0m
[0mGET /carts?userId=68e0faa358e93f461fbce83b&&active=true [33m404[0m 0.401 ms - 144[0m
[0mGET /products [32m200[0m 122.856 ms - 5665[0m
[0mGET /products [32m200[0m 125.998 ms - 5665[0m
[0mPOST /carts [33m400[0m 1.643 ms - 72[0m
[0mGET /products [32m200[0m 125.279 ms - 5665[0m
[0mGET /products [32m200[0m 128.004 ms - 5665[0m
[0mGET /products [32m200[0m 122.292 ms - 5665[0m
[0mGET /products [32m200[0m 122.782 ms - 5665[0m
[0mGET /carts?userId=68e0faa358e93f461fbce83b&&active=true [33m404[0m 0.305 ms - 144[0m
[0mGET /products [32m200[0m 124.851 ms - 5665[0m
[0mGET /products [32m200[0m 122.258 ms - 5665[0m
[0mPOST /carts [33m400[0m 1.521 ms - 72[0m
[0mGET /products [32m200[0m 122.242 ms - 5665[0m
[0mGET /products [32m200[0m 122.421 ms - 5665[0m
[0mPOST /carts [33m400[0m 1.404 ms - 72[0m
[0mPOST /carts [32m200[0m 485.519 ms - 1443[0m
[0mPOST /carts [32m200[0m 457.726 ms - 1443[0m
[0mPOST /carts [32m200[0m 453.518 ms - 2061[0m
[0mGET /carts?userId=68e0faa358e93f461fbce83b&&active=true [33m404[0m 0.369 ms - 144[0m
[0mGET /products [32m200[0m 114.706 ms - 5665[0m
[0mGET /products [32m200[0m 115.766 ms - 5665[0m
[0mGET /carts?userId=68e0faa358e93f461fbce83b&&active=true [33m404[0m 0.445 ms - 144[0m
[0mGET /products [32m200[0m 118.170 ms - 5665[0m
[0mGET /products [32m200[0m 117.474 ms - 5665[0m
[0mGET /products [32m200[0m 113.940 ms - 5665[0m
[0mGET /products [32m200[0m 112.645 ms - 5665[0m
[0mGET /products [32m200[0m 115.032 ms - 5665[0m
[0mGET /products [32m200[0m 117.430 ms - 5665[0m
[0mGET /carts/68e0faa358e93f461fbce83b [32m200[0m 118.384 ms - 444[0m
[0mGET /products [32m200[0m 117.106 ms - 5665[0m
[0mGET /products [32m200[0m 116.959 ms - 5665[0m
[0mPOST /carts [32m200[0m 479.234 ms - 2061[0m
[0mGET /carts/68e0faa358e93f461fbce83b [32m200[0m 116.162 ms - 444[0m
[0mGET /carts/68e0faa358e93f461fbce83b [32m200[0m 115.669 ms - 444[0m
[0mGET /products [32m200[0m 116.988 ms - 5665[0m
[0mGET /products [32m200[0m 117.785 ms - 5665[0m
[0mPOST /carts [32m200[0m 465.253 ms - 2061[0m
[0mGET /carts/68e0faa358e93f461fbce83b [32m200[0m 115.900 ms - 444[0m
[0mGET /products [32m200[0m 138.042 ms - 5665[0m
[0mGET /products [32m200[0m 119.939 ms - 5665[0m
[0mPOST /users/login [32m200[0m 178.774 ms - 171[0m
[0mGET /carts/68e0faa358e93f461fbce83b [32m200[0m 251.509 ms - 2061[0m
[0mDELETE /carts/68e0faa358e93f461fbce83b/68f8bc17c3f367e80f6098a8 [33m404[0m 119.077 ms - 51[0m
[0mGET /carts/68e0faa358e93f461fbce83b [32m200[0m 239.574 ms - 2061[0m
[0mGET /carts/68e0faa358e93f461fbce83b [32m200[0m 242.520 ms - 2061[0m
[0mGET /carts/68e0faa358e93f461fbce83b [32m200[0m 239.613 ms - 2061[0m
[0mGET /carts/68e0faa358e93f461fbce83b [32m200[0m 238.906 ms - 2061[0m
[0mGET /carts/68e0faa358e93f461fbce83b [32m200[0m 238.989 ms - 2061[0m
[0mGET /carts/68e0faa358e93f461fbce83b [32m200[0m 243.804 ms - 2061[0m
[0mGET /carts/68e0faa358e93f461fbce83b [32m200[0m 239.420 ms - 2061[0m
[0mGET /carts/68e0faa358e93f461fbce83b [32m200[0m 242.718 ms - 2061[0m
[0mGET /carts/68e0faa358e93f461fbce83b [32m200[0m 238.260 ms - 2061[0m
[0mGET /carts/68e0faa358e93f461fbce83b [32m200[0m 242.013 ms - 2061[0m
[0mGET /carts/68e0faa358e93f461fbce83b [32m200[0m 246.345 ms - 2061[0m
[0mGET /products [32m200[0m 118.298 ms - 5665[0m
[0mGET /products [32m200[0m 121.060 ms - 5665[0m
[0mPOST /users/login [32m200[0m 168.843 ms - 171[0m
[0mGET /products [32m200[0m 116.547 ms - 5665[0m
[0mGET /products [32m200[0m 117.095 ms - 5665[0m
[0mPOST /carts [32m200[0m 473.826 ms - 2061[0m
[0mGET /carts/68e0faa358e93f461fbce83b [32m200[0m 257.433 ms - 2061[0m
[0mGET /carts/68e0faa358e93f461fbce83b [32m200[0m 235.587 ms - 2061[0m
[0mGET /carts/68e0faa358e93f461fbce83b [32m200[0m 231.672 ms - 2061[0m
[0mGET /products [32m200[0m 116.339 ms - 5665[0m
[0mGET /products [32m200[0m 116.075 ms - 5665[0m
[0mGET /carts/68e0faa358e93f461fbce83b [32m200[0m 232.729 ms - 2061[0m
[0mGET /products [32m200[0m 117.535 ms - 5665[0m
[0mGET /products [32m200[0m 118.573 ms - 5665[0m
[0mGET /products [32m200[0m 118.006 ms - 5665[0m
[0mGET /products [32m200[0m 117.643 ms - 5665[0m
[0mGET /products [32m200[0m 115.460 ms - 5665[0m
[0mGET /carts/68e0faa358e93f461fbce83b [32m200[0m 231.396 ms - 2061[0m
[0mGET /carts/68e0faa358e93f461fbce83b [32m200[0m 256.516 ms - 2061[0m
[0mGET /products [32m200[0m 120.223 ms - 5665[0m
[0mGET /products [32m200[0m 115.982 ms - 5665[0m
[0mPOST /users/login [32m200[0m 171.339 ms - 171[0m
[0mGET /carts/68e0faa358e93f461fbce83b [32m200[0m 236.279 ms - 2061[0m
[0mPOST /users/login [32m200[0m 166.434 ms - 171[0m
[0mGET /carts/68e0faa358e93f461fbce83b [32m200[0m 236.379 ms - 2061[0m
[0mPOST /users/login [32m200[0m 167.147 ms - 171[0m
[0mGET /products [32m200[0m 118.142 ms - 5665[0m
[0mGET /products [32m200[0m 127.362 ms - 5665[0m
[0mGET /products [32m200[0m 117.184 ms - 5665[0m
[0mGET /products [32m200[0m 115.629 ms - 5665[0m
[0mGET /carts/68e0faa358e93f461fbce83b [32m200[0m 237.956 ms - 2061[0m
[0mGET /products [32m200[0m 115.889 ms - 5665[0m
[0mGET /products [32m200[0m 123.325 ms - 5665[0m
[0mGET /carts/68e0faa358e93f461fbce83b [32m200[0m 258.882 ms - 2061[0m
[0mGET /carts/68e0faa358e93f461fbce83b [32m200[0m 232.722 ms - 2061[0m
[0mGET /products [32m200[0m 118.253 ms - 5665[0m
[0mGET /products [32m200[0m 115.965 ms - 5665[0m
[0mGET /products [32m200[0m 115.796 ms - 5665[0m
[0mGET /products [32m200[0m 116.352 ms - 5665[0m
[0mGET /products [32m200[0m 117.265 ms - 5665[0m
[0mGET /products [32m200[0m 122.061 ms - 5665[0m
[0mGET /products [32m200[0m 117.272 ms - 5665[0m
[0mGET /products [32m200[0m 115.659 ms - 5665[0m
[0mGET /carts/68e0faa358e93f461fbce83b [32m200[0m 233.439 ms - 2061[0m
[0mGET /products [32m200[0m 118.312 ms - 5665[0m
[0mGET /products [32m200[0m 119.354 ms - 5665[0m
[0mGET /users/68e0faa358e93f461fbce83b [33m404[0m 1.012 ms - 169[0m
[0mGET /users/68e0faa358e93f461fbce83b [33m404[0m 0.277 ms - 169[0m
[0mGET /users/68e0faa358e93f461fbce83b [33m404[0m 0.181 ms - 169[0m
[0mGET /users/68e0faa358e93f461fbce83b [33m404[0m 0.155 ms - 169[0m
[0mGET /users/68e0faa358e93f461fbce83b [33m404[0m 0.189 ms - 169[0m
[0mGET /users/68e0faa358e93f461fbce83b [33m404[0m 0.184 ms - 169[0m
[0mGET /users/68e0faa358e93f461fbce83b [33m404[0m 0.175 ms - 169[0m
[0mGET /users/68e0faa358e93f461fbce83b [33m404[0m 0.213 ms - 169[0m
[0mGET /users/68e0faa358e93f461fbce83b [33m404[0m 0.306 ms - 169[0m
[0mGET /users/68e0faa358e93f461fbce83b [33m404[0m 0.275 ms - 169[0m
[0mGET /users/68e0faa358e93f461fbce83b [33m404[0m 0.303 ms - 169[0m
[0mGET /users/68e0faa358e93f461fbce83b [33m404[0m 0.275 ms - 169[0m
[0mGET /products [32m200[0m 117.243 ms - 5665[0m
[0mGET /products [32m200[0m 118.260 ms - 5665[0m
[0mGET /users/68e0faa358e93f461fbce83b [33m404[0m 0.338 ms - 169[0m
[0mGET /users/68e0faa358e93f461fbce83b [33m404[0m 0.293 ms - 169[0m
[0mGET /users/68e0faa358e93f461fbce83b [33m404[0m 0.221 ms - 169[0m
[0mGET /users/68e0faa358e93f461fbce83b [33m404[0m 0.193 ms - 169[0m
[0mGET /users/68e0faa358e93f461fbce83b [33m404[0m 0.155 ms - 169[0m
[0mGET /users/68e0faa358e93f461fbce83b [33m404[0m 0.134 ms - 169[0m
[0mGET /users/68e0faa358e93f461fbce83b [33m404[0m 0.162 ms - 169[0m
[0mGET /users/68e0faa358e93f461fbce83b [33m404[0m 0.147 ms - 169[0m
[0mGET /users/68e0faa358e93f461fbce83b [33m404[0m 0.301 ms - 169[0m
[0mGET /users/68e0faa358e93f461fbce83b [33m404[0m 0.309 ms - 169[0m
[0mGET /users/68e0faa358e93f461fbce83b [33m404[0m 0.181 ms - 169[0m
[0mGET /users/68e0faa358e93f461fbce83b [33m404[0m 0.139 ms - 169[0m
[0mGET /products [32m200[0m 116.731 ms - 5665[0m
[0mGET /products [32m200[0m 117.675 ms - 5665[0m
[0mPOST /carts [32m200[0m 491.967 ms - 2061[0m
[0mGET /users/68e0faa358e93f461fbce83b [33m404[0m 0.272 ms - 169[0m
[0mGET /users/68e0faa358e93f461fbce83b [33m404[0m 0.278 ms - 169[0m
[0mGET /carts/68e0faa358e93f461fbce83b [32m200[0m 232.149 ms - 2061[0m
[0mGET /users/68e0faa358e93f461fbce83b [33m404[0m 0.262 ms - 169[0m
[0mGET /users/68e0faa358e93f461fbce83b [33m404[0m 0.763 ms - 169[0m
[0mGET /users/68e0faa358e93f461fbce83b [33m404[0m 0.810 ms - 169[0m
[0mGET /users/68e0faa358e93f461fbce83b [33m404[0m 0.912 ms - 169[0m
[0mGET /users/68e0faa358e93f461fbce83b [33m404[0m 0.434 ms - 169[0m
[0mGET /users/68e0faa358e93f461fbce83b [33m404[0m 0.553 ms - 169[0m
[0mGET /carts/68e0faa358e93f461fbce83b [32m200[0m 231.273 ms - 2061[0m
[0mGET /users/68e0faa358e93f461fbce83b [33m404[0m 0.245 ms - 169[0m
[0mGET /users/68e0faa358e93f461fbce83b [33m404[0m 0.138 ms - 169[0m
[0mGET /users/68e0faa358e93f461fbce83b [33m404[0m 0.185 ms - 169[0m
[0mGET /users/68e0faa358e93f461fbce83b [33m404[0m 0.121 ms - 169[0m
[0mGET /users/68e0faa358e93f461fbce83b [33m404[0m 0.146 ms - 169[0m
[0mGET /users/68e0faa358e93f461fbce83b [33m404[0m 0.195 ms - 169[0m
[0mGET /users/68e0faa358e93f461fbce83b [33m404[0m 0.233 ms - 169[0m
[0mGET /users/68e0faa358e93f461fbce83b [33m404[0m 0.334 ms - 169[0m
[0mGET /users/68e0faa358e93f461fbce83b [33m404[0m 0.196 ms - 169[0m
[0mGET /users/68e0faa358e93f461fbce83b [33m404[0m 0.134 ms - 169[0m
[0mGET /users/68e0faa358e93f461fbce83b [33m404[0m 0.113 ms - 169[0m
[0mGET /users/68e0faa358e93f461fbce83b [33m404[0m 0.110 ms - 169[0m
[0mGET /users/68e0faa358e93f461fbce83b [33m404[0m 0.123 ms - 169[0m
[0mGET /users/68e0faa358e93f461fbce83b [33m404[0m 0.110 ms - 169[0m
[0mGET /users/68e0faa358e93f461fbce83b [33m404[0m 0.183 ms - 169[0m
[0mGET /users/68e0faa358e93f461fbce83b [33m404[0m 0.125 ms - 169[0m
[0mGET /users/68e0faa358e93f461fbce83b [33m404[0m 0.171 ms - 169[0m
[0mGET /users/68e0faa358e93f461fbce83b [33m404[0m 0.152 ms - 169[0m
[0mGET /users/68e0faa358e93f461fbce83b [33m404[0m 0.202 ms - 169[0m
[0mGET /users/68e0faa358e93f461fbce83b [33m404[0m 0.171 ms - 169[0m
[0mGET /users/68e0faa358e93f461fbce83b [33m404[0m 0.171 ms - 169[0m
[0mGET /users/68e0faa358e93f461fbce83b [33m404[0m 0.189 ms - 169[0m
[0mGET /users/68e0faa358e93f461fbce83b [33m404[0m 0.156 ms - 169[0m
[0mGET /users/68e0faa358e93f461fbce83b [33m404[0m 0.166 ms - 169[0m
[0mGET /products [32m200[0m 122.127 ms - 5665[0m
[0mGET /products [32m200[0m 126.815 ms - 5665[0m
[0mGET /users/68e0faa358e93f461fbce83b [33m404[0m 0.210 ms - 169[0m
[0mGET /users/68e0faa358e93f461fbce83b [33m404[0m 0.147 ms - 169[0m
[0mGET /users/68e0faa358e93f461fbce83b [33m404[0m 0.318 ms - 169[0m
[0mGET /users/68e0faa358e93f461fbce83b [33m404[0m 0.200 ms - 169[0m
[0mGET /users/68e0faa358e93f461fbce83b [33m404[0m 0.132 ms - 169[0m
[0mGET /users/68e0faa358e93f461fbce83b [33m404[0m 0.197 ms - 169[0m
[0mGET /users/68e0faa358e93f461fbce83b [33m404[0m 0.190 ms - 169[0m
[0mGET /users/68e0faa358e93f461fbce83b [33m404[0m 0.181 ms - 169[0m
[0mGET /users/68e0faa358e93f461fbce83b [33m404[0m 0.326 ms - 169[0m
[0mGET /users/68e0faa358e93f461fbce83b [33m404[0m 0.283 ms - 169[0m
[0mGET /users/68e0faa358e93f461fbce83b [33m404[0m 0.227 ms - 169[0m
[0mGET /users/68e0faa358e93f461fbce83b [33m404[0m 0.583 ms - 169[0m
[0mGET /users/68e0faa358e93f461fbce83b [33m404[0m 0.757 ms - 169[0m
[0mGET /users/68e0faa358e93f461fbce83b [33m404[0m 0.295 ms - 169[0m
[0mGET /users/68e0faa358e93f461fbce83b [33m404[0m 0.409 ms - 169[0m
[0mGET /users/68e0faa358e93f461fbce83b [33m404[0m 0.312 ms - 169[0m
[0mGET /users/68e0faa358e93f461fbce83b [33m404[0m 0.250 ms - 169[0m
[0mGET /users/68e0faa358e93f461fbce83b [33m404[0m 0.305 ms - 169[0m
[0mGET /users/68e0faa358e93f461fbce83b [33m404[0m 0.236 ms - 169[0m
[0mGET /users/68e0faa358e93f461fbce83b [33m404[0m 0.235 ms - 169[0m
[0mGET /users/68e0faa358e93f461fbce83b [33m404[0m 0.246 ms - 169[0m
[0mGET /users/68e0faa358e93f461fbce83b [33m404[0m 0.279 ms - 169[0m
[0mGET /users/68e0faa358e93f461fbce83b [33m404[0m 0.199 ms - 169[0m
[0mGET /users/68e0faa358e93f461fbce83b [33m404[0m 0.235 ms - 169[0m
[0mGET /users/68e0faa358e93f461fbce83b [33m404[0m 0.189 ms - 169[0m
[0mGET /users/68e0faa358e93f461fbce83b [33m404[0m 0.223 ms - 169[0m
[0mGET /users/68e0faa358e93f461fbce83b [33m404[0m 0.387 ms - 169[0m
[0mGET /users/68e0faa358e93f461fbce83b [33m404[0m 0.238 ms - 169[0m
[0mGET /users/68e0faa358e93f461fbce83b [33m404[0m 0.209 ms - 169[0m
[0mGET /users/68e0faa358e93f461fbce83b [33m404[0m 0.504 ms - 169[0m
[0mGET /users/68e0faa358e93f461fbce83b [33m404[0m 0.549 ms - 169[0m
[0mGET /users/68e0faa358e93f461fbce83b [33m404[0m 0.264 ms - 169[0m
[0mGET /api/users/68e0faa358e93f461fbce83b [33m404[0m 0.296 ms - 173[0m
[0mGET /api/users/68e0faa358e93f461fbce83b [33m404[0m 0.256 ms - 173[0m
[0mGET /api/users/68e0faa358e93f461fbce83b [33m404[0m 0.241 ms - 173[0m
[0mGET /api/users/68e0faa358e93f461fbce83b [33m404[0m 0.232 ms - 173[0m
[0mGET /api/users/68e0faa358e93f461fbce83b [33m404[0m 0.178 ms - 173[0m
[0mGET /api/users/68e0faa358e93f461fbce83b [33m404[0m 0.376 ms - 173[0m
[0mGET /api/users/68e0faa358e93f461fbce83b [33m404[0m 0.354 ms - 173[0m
[0mGET /api/users/68e0faa358e93f461fbce83b [33m404[0m 0.260 ms - 173[0m
[0mGET /users/68e0faa358e93f461fbce83b [33m404[0m 0.161 ms - 169[0m
[0mGET /users/68e0faa358e93f461fbce83b [33m404[0m 0.142 ms - 169[0m
[0mGET /users/68e0faa358e93f461fbce83b [33m404[0m 0.151 ms - 169[0m
[0mGET /users/68e0faa358e93f461fbce83b [33m404[0m 0.104 ms - 169[0m
[0mGET /api/users/68e0faa358e93f461fbce83b [33m404[0m 0.182 ms - 173[0m
[0mGET /api/users/68e0faa358e93f461fbce83b [33m404[0m 0.141 ms - 173[0m
[0mGET /api/users/68e0faa358e93f461fbce83b [33m404[0m 0.120 ms - 173[0m
[0mGET /api/users/68e0faa358e93f461fbce83b [33m404[0m 0.144 ms - 173[0m
[0mGET /api/users/68e0faa358e93f461fbce83b [33m404[0m 0.187 ms - 173[0m
[0mGET /api/users/68e0faa358e93f461fbce83b [33m404[0m 0.116 ms - 173[0m
[0mGET /users/68e0faa358e93f461fbce83b [33m404[0m 1.606 ms - 169[0m
[0mGET /users/68e0faa358e93f461fbce83b [33m404[0m 1.743 ms - 169[0m
[0mGET /users/68e0faa358e93f461fbce83b [33m404[0m 1.902 ms - 169[0m
[0mGET /users/68e0faa358e93f461fbce83b [33m404[0m 0.956 ms - 169[0m
[0mGET /users/68e0faa358e93f461fbce83b [33m404[0m 1.133 ms - 169[0m
[0mGET /users/68e0faa358e93f461fbce83b [33m404[0m 1.209 ms - 169[0m
[0mOPTIONS /users/68e0faa358e93f461fbce83b [32m204[0m 0.683 ms - 0[0m
[0mOPTIONS /users/68e0faa358e93f461fbce83b [32m204[0m 0.127 ms - 0[0m
[0mOPTIONS /users/68e0faa358e93f461fbce83b [32m204[0m 0.061 ms - 0[0m
[0mOPTIONS /users/68e0faa358e93f461fbce83b [32m204[0m 0.120 ms - 0[0m
[0mGET /users/68e0faa358e93f461fbce83b [32m200[0m 126.875 ms - 473[0m
[0mGET /users/68e0faa358e93f461fbce83b [36m304[0m 118.353 ms - -[0m
[0mGET /users/68e0faa358e93f461fbce83b [36m304[0m 117.906 ms - -[0m
[0mGET /users/68e0faa358e93f461fbce83b [36m304[0m 117.905 ms - -[0m
[0mOPTIONS /users/68e0faa358e93f461fbce83b [32m204[0m 0.119 ms - 0[0m
[0mOPTIONS /users/68e0faa358e93f461fbce83b [32m204[0m 0.096 ms - 0[0m
[0mGET /users/68e0faa358e93f461fbce83b [32m200[0m 120.854 ms - 473[0m
[0mGET /users/68e0faa358e93f461fbce83b [36m304[0m 118.960 ms - -[0m
[0mGET /users/68e0faa358e93f461fbce83b [36m304[0m 118.072 ms - -[0m
[0mGET /users/68e0faa358e93f461fbce83b [36m304[0m 121.742 ms - -[0m
[0mGET /users/68e0faa358e93f461fbce83b [36m304[0m 119.359 ms - -[0m
[0mGET /users/68e0faa358e93f461fbce83b [36m304[0m 120.750 ms - -[0m
[0mOPTIONS /users/68e0faa358e93f461fbce83b [32m204[0m 0.133 ms - 0[0m
[0mOPTIONS /users/68e0faa358e93f461fbce83b [32m204[0m 0.089 ms - 0[0m
[0mOPTIONS /carts/68e0faa358e93f461fbce83b [32m204[0m 0.240 ms - 0[0m
[0mGET /users/68e0faa358e93f461fbce83b [36m304[0m 120.007 ms - -[0m
[0mGET /users/68e0faa358e93f461fbce83b [36m304[0m 119.027 ms - -[0m
[0mGET /carts/68e0faa358e93f461fbce83b [32m200[0m 244.527 ms - 2061[0m
[0mGET /products [32m200[0m 118.561 ms - 5665[0m
[0mGET /products [32m200[0m 116.433 ms - 5665[0m
